// Jest Snapshot v1, https://goo.gl/fbAQLP

exports[`components/Meta renders Default 1`] = `
<body>
  <div>
    Content
  </div>
</body>
`;
