// Jest Snapshot v1, https://goo.gl/fbAQLP

exports[`components/Checkbox renders Default 1`] = `
<body>
  <div>
    <label
      class="mb-4 flex"
    >
      <div
        class="mr-2 grow-0"
      >
        <input
          class="mr-2 scale-150 accent-primary"
          type="checkbox"
        />
      </div>
      <div
        class="grow font-bold"
      >
        ラベル
      </div>
    </label>
  </div>
</body>
`;
