// Jest Snapshot v1, https://goo.gl/fbAQLP

exports[`views/TodoItem renders Default 1`] = `
<body>
  <div>
    <a
      class="w-full"
      href="/todo/79208"
    >
      <div
        class="my-2 flex items-center border-2 p-2"
      >
        <div>
          <span
            class="material-symbols-outlined"
          >
            label_important
          </span>
        </div>
        <div
          class="mx-2 text-xl"
        >
          Bedfordshire
        </div>
        <div
          class="text-xs text-tertiary"
        >
          2022-07-19 12:00:21
        </div>
      </div>
    </a>
  </div>
</body>
`;
