// Vitest Snapshot v1, https://vitest.dev/guide/snapshot.html

exports[`components/LinkButton > components/LinkButton > "Default" story > renders without crashing 1`] = `
<div>
  <a
    class="mx-auto max-w-3xl text-white bg-primary rounded px-4 py-2"
    href="/"
  >
    Button
  </a>
</div>
`;
