// Vitest Snapshot v1, https://vitest.dev/guide/snapshot.html

exports[`views/DetailView > views/DetailView > "Default" story > renders without crashing 1`] = `
<div>
  <div
    class="mb-4 flex items-center gap-2"
  >
    <div
      class="text-xl"
    >
      Hybrid
    </div>
    <div
      class="text-tertiary text-xs"
    >
      2022-09-03 15:52:59
    </div>
  </div>
  <div
    class="mb-4 flex items-center"
  >
    <span
      class="material-symbols-outlined"
    >
      done
    </span>
    完了済み
  </div>
  <a
    class="mx-auto max-w-3xl text-white bg-secondary rounded px-4 py-2"
    href="/todo/86624/edit"
  >
    編集
  </a>
</div>
`;

exports[`views/DetailView > views/DetailView > "Loading" story > renders without crashing 1`] = `<div />`;
