// Jest Snapshot v1, https://goo.gl/fbAQLP

exports[`components/Button renders Default 1`] = `
<body>
  <div>
    <button
      class="mx-auto max-w-3xl text-white bg-primary rounded px-4 py-2 disabled:bg-tertiary"
    >
      Button
    </button>
  </div>
</body>
`;
