// Vitest Snapshot v1, https://vitest.dev/guide/snapshot.html

exports[`components/Container > components/Container > "Default" story > renders without crashing 1`] = `
<div>
  <div
    class="mx-auto w-full max-w-xl px-4 py-0"
  >
    Container
  </div>
</div>
`;
